 
****************************************
Report : net
Design : multi_adder
Version: W-2024.09
Date   : Sun Apr  5 03:28:37 2026
****************************************


Operating Conditions: ss0p7vn40c   Library: saed32rvt_ss0p7vn40c
Wire Load Model Mode: enclosed

Design        Wire Load Model            Library
------------------------------------------------
multi_adder            ForQA             saed32rvt_ss0p7vn40c


Attributes:
   dr - drc disabled

Net
 Fanout    Fanin     Load      LoadUR    LoadUF    LoadLR    LoadLF    Resist    Pins      Attr
-----------------------------------------------------------------------------------------------
clk
     12         1       10.97     12.54     11.50     10.40     10.33      0.38      13    dr
i[0]
      7         1        5.00      5.94      5.30      4.78      4.74      0.18       8    
i[1]
      4         1        2.73      3.24      2.89      2.61      2.59      0.09       5    
i[2]
      7         1        5.09      5.61      5.29      4.92      4.91      0.18       8    
i[3]
      3         1        2.03      2.26      2.08      1.97      1.97      0.07       4    
n35
     12         1       15.69     15.65     16.87     15.20     15.38      0.38      13    
n36
      1         1        0.65      0.77      0.68      0.60      0.60      0.02       2    
n37
      1         1        0.65      0.77      0.68      0.60      0.60      0.02       2    
n38
      1         1        0.65      0.77      0.68      0.60      0.60      0.02       2    
n39
      1         1        0.65      0.77      0.68      0.60      0.60      0.02       2    
n40
      1         1        0.65      0.77      0.68      0.60      0.60      0.02       2    
n41
      1         1        0.65      0.77      0.68      0.60      0.60      0.02       2    
n42
      1         1        0.65      0.77      0.68      0.60      0.60      0.02       2    
n43
      1         1        0.65      0.77      0.68      0.60      0.60      0.02       2    
n44
      1         1        0.65      0.77      0.68      0.60      0.60      0.02       2    
n45
      1         1        0.65      0.77      0.68      0.60      0.60      0.02       2    
n46
      1         1        0.65      0.77      0.68      0.60      0.60      0.02       2    
n47
      1         1        0.65      0.77      0.68      0.60      0.60      0.02       2    
n48
      2         1        1.35      1.56      1.42      1.30      1.29      0.04       3    
n49
      1         1        0.60      0.78      0.65      0.57      0.55      0.02       2    
n50
      2         1        1.35      1.48      1.42      1.31      1.30      0.04       3    
n51
      2         1        1.29      1.42      1.34      1.25      1.24      0.04       3    
n52
      2         1        1.30      1.43      1.35      1.25      1.26      0.04       3    
n53
      2         1        1.40      1.53      1.48      1.36      1.35      0.04       3    
n54
      1         1        0.65      0.76      0.69      0.63      0.62      0.02       2    
n55
      1         1        0.64      0.72      0.67      0.61      0.61      0.02       2    
n56
      3         1        1.98      2.25      2.04      1.92      1.91      0.07       4    
n57
      1         1        0.66      0.81      0.72      0.63      0.62      0.02       2    
n58
      2         1        1.31      1.56      1.39      1.25      1.23      0.04       3    
n59
      1         1        0.65      0.75      0.68      0.61      0.60      0.02       2    
n60
      2         1        1.37      1.59      1.44      1.31      1.29      0.04       3    
n61
      3         1        1.98      2.31      2.09      1.89      1.87      0.07       4    
n62
      1         1        0.65      0.76      0.69      0.63      0.62      0.02       2    
n63
      2         1        1.67      1.94      1.76      1.59      1.57      0.04       3    
n64
      2         1        1.27      1.49      1.32      1.22      1.21      0.04       3    
n65
      2         1        1.35      1.56      1.43      1.30      1.29      0.04       3    
n66
      2         1        1.34      1.57      1.43      1.28      1.26      0.04       3    
n67
      3         1        2.10      2.29      2.19      2.04      2.03      0.07       4    
n68
      1         1        1.06      1.21      1.13      1.00      0.99      0.02       2    
n69
      9         1        6.67      7.65      6.92      6.42      6.38      0.25      10    
n70
      1         1        0.62      0.69      0.65      0.60      0.60      0.02       2    
n71
      3         1        2.02      2.38      2.13      1.92      1.90      0.07       4    
n72
      1         1        1.07      1.21      1.09      1.03      1.01      0.02       2    
n73
      2         1        1.39      1.74      1.51      1.29      1.26      0.04       3    
n74
      2         1        1.30      1.56      1.38      1.24      1.22      0.04       3    
n75
      2         1        1.39      1.74      1.51      1.29      1.26      0.04       3    
n76
      2         1        1.30      1.56      1.38      1.24      1.22      0.04       3    
n77
      2         1        1.80      2.26      1.98      1.65      1.64      0.04       3    
n78
      1         1        0.55      0.67      0.58      0.53      0.52      0.02       2    
n79
      2         1        1.35      1.60      1.43      1.27      1.26      0.04       3    
n80
      1         1        1.04      1.19      1.10      0.99      0.99      0.02       2    
n82
      6         1        4.27      4.81      4.50      4.10      4.09      0.15       7    
n83
      1         1        0.63      0.70      0.66      0.61      0.61      0.02       2    
n84
      3         1        2.06      2.33      2.15      2.00      1.98      0.07       4    
n85
      1         1        0.63      0.70      0.66      0.61      0.61      0.02       2    
n86
      5         1        3.95      4.41      4.11      3.82      3.78      0.12       6    
n[0]
      1         1        0.67      0.82      0.73      0.62      0.61      0.02       2    
n[1]
      1         1        0.67      0.78      0.70      0.62      0.62      0.02       2    
n[2]
      1         1        0.67      0.82      0.73      0.62      0.61      0.02       2    
n[3]
      2         1        1.32      1.44      1.38      1.28      1.27      0.04       3    
reset
      1         1        1.25      1.64      1.43      1.11      1.06      0.02       2    
sum[0]
      4         1        3.34      3.64      3.44      3.26      3.26      0.09       5    
sum[1]
      3         1        2.64      2.79      2.71      2.60      2.59      0.07       4    
sum[2]
      4         1        3.82      4.14      3.93      3.73      3.70      0.09       5    
sum[3]
      4         1        3.80      4.19      3.94      3.66      3.65      0.09       5    
sum[4]
      3         1        2.62      2.84      2.67      2.57      2.56      0.07       4    
sum[5]
      3         1        2.62      2.84      2.67      2.57      2.56      0.07       4    
sum[6]
      3         1        2.68      2.89      2.74      2.62      2.61      0.07       4    
sum[7]
      1         1        1.24      1.24      1.24      1.24      1.24      0.02       2    
-----------------------------------------------------------------------------------------------
Total 69 nets
    170        69      134.70    151.58    141.51    129.17    128.45      4.00     239
Maximum
     12         1       15.69     15.65     16.87     15.20     15.38      0.38      13
Average
   2.46      1.00        1.95      2.20      2.05      1.87      1.86      0.06    3.46
1
